src/components/ui/Silk.tsx(111,29): error TS2322: Type '{ uniforms: { uSpeed: { value: number; }; uScale: { value: number; }; uNoiseIntensity: { value: number; }; uColor: { value: Color; }; uRotation: { value: number; }; uTime: { value: number; }; }; vertexShader: string; fragmentShader: string; }' is not assignable to type 'ExtendedColors<Overwrite<Partial<{}>, NodeProps<{}, {}>>>'.
  Property 'uniforms' does not exist on type 'ExtendedColors<Overwrite<Partial<{}>, NodeProps<{}, {}>>>'.
src/pages/information/MandatoryDisclosurePage.tsx(122,25): error TS2322: Type '{ initial: string; whileInView: string; viewport: { once: boolean; }; variants: { hidden: { opacity: number; }; visible: { opacity: number; transition: { duration: number; ease: readonly [0.25, 1, 0.5, 1]; }; }; }; }' is not assignable to type 'Variants'.
  Property 'initial' is incompatible with index signature.
    Type 'string' is not assignable to type 'Variant'.
src/pages/information/MandatoryDisclosurePage.tsx(129,29): error TS2322: Type '{ initial: string; whileInView: string; viewport: { once: boolean; }; variants: { hidden: { opacity: number; }; visible: { opacity: number; transition: { duration: number; ease: readonly [0.25, 1, 0.5, 1]; }; }; }; }' is not assignable to type 'Variants'.
  Property 'initial' is incompatible with index signature.
    Type 'string' is not assignable to type 'Variant'.
src/pages/information/MandatoryDisclosurePage.tsx(138,29): error TS2322: Type '{ initial: string; whileInView: string; viewport: { once: boolean; }; variants: { hidden: { opacity: number; }; visible: { opacity: number; transition: { duration: number; ease: readonly [0.25, 1, 0.5, 1]; }; }; }; }' is not assignable to type 'Variants'.
  Property 'initial' is incompatible with index signature.
    Type 'string' is not assignable to type 'Variant'.
src/pages/information/MandatoryDisclosurePage.tsx(147,29): error TS2322: Type '{ initial: string; whileInView: string; viewport: { once: boolean; }; variants: { hidden: { opacity: number; }; visible: { opacity: number; transition: { duration: number; ease: readonly [0.25, 1, 0.5, 1]; }; }; }; }' is not assignable to type 'Variants'.
  Property 'initial' is incompatible with index signature.
    Type 'string' is not assignable to type 'Variant'.
src/pages/information/MandatoryDisclosurePage.tsx(183,17): error TS2322: Type '{ initial: string; whileInView: string; viewport: { once: boolean; }; variants: { hidden: { opacity: number; }; visible: { opacity: number; transition: { duration: number; ease: readonly [0.25, 1, 0.5, 1]; }; }; }; }' is not assignable to type 'Variants'.
  Property 'initial' is incompatible with index signature.
    Type 'string' is not assignable to type 'Variant'.
src/pages/information/MandatoryDisclosurePage.tsx(203,33): error TS2322: Type '{ initial: string; whileInView: string; viewport: { once: boolean; }; variants: { hidden: { opacity: number; }; visible: { opacity: number; transition: { duration: number; ease: readonly [0.25, 1, 0.5, 1]; }; }; }; }' is not assignable to type 'Variants'.
  Property 'initial' is incompatible with index signature.
    Type 'string' is not assignable to type 'Variant'.
